Archive member included because of file (symbol)

c:/program files (x86)/atmel/atmel toolchain/avr8 gcc/native/3.4.1051/avr8-gnu-toolchain/bin/../lib/gcc/avr/4.8.1/../../../../avr/lib/avr5\libm.a(addsf3.o)
                              src/main.o (__addsf3)
c:/program files (x86)/atmel/atmel toolchain/avr8 gcc/native/3.4.1051/avr8-gnu-toolchain/bin/../lib/gcc/avr/4.8.1/../../../../avr/lib/avr5\libm.a(addsf3x.o)
                              c:/program files (x86)/atmel/atmel toolchain/avr8 gcc/native/3.4.1051/avr8-gnu-toolchain/bin/../lib/gcc/avr/4.8.1/../../../../avr/lib/avr5\libm.a(addsf3.o) (__addsf3x)
c:/program files (x86)/atmel/atmel toolchain/avr8 gcc/native/3.4.1051/avr8-gnu-toolchain/bin/../lib/gcc/avr/4.8.1/../../../../avr/lib/avr5\libm.a(cmpsf2.o)
                              src/main.o (__ltsf2)
c:/program files (x86)/atmel/atmel toolchain/avr8 gcc/native/3.4.1051/avr8-gnu-toolchain/bin/../lib/gcc/avr/4.8.1/../../../../avr/lib/avr5\libm.a(divsf3.o)
                              src/main.o (__divsf3)
c:/program files (x86)/atmel/atmel toolchain/avr8 gcc/native/3.4.1051/avr8-gnu-toolchain/bin/../lib/gcc/avr/4.8.1/../../../../avr/lib/avr5\libm.a(divsf3x.o)
                              c:/program files (x86)/atmel/atmel toolchain/avr8 gcc/native/3.4.1051/avr8-gnu-toolchain/bin/../lib/gcc/avr/4.8.1/../../../../avr/lib/avr5\libm.a(divsf3.o) (__divsf3x)
c:/program files (x86)/atmel/atmel toolchain/avr8 gcc/native/3.4.1051/avr8-gnu-toolchain/bin/../lib/gcc/avr/4.8.1/../../../../avr/lib/avr5\libm.a(fixsfsi.o)
                              src/main.o (__fixsfsi)
c:/program files (x86)/atmel/atmel toolchain/avr8 gcc/native/3.4.1051/avr8-gnu-toolchain/bin/../lib/gcc/avr/4.8.1/../../../../avr/lib/avr5\libm.a(fixunssfsi.o)
                              c:/program files (x86)/atmel/atmel toolchain/avr8 gcc/native/3.4.1051/avr8-gnu-toolchain/bin/../lib/gcc/avr/4.8.1/../../../../avr/lib/avr5\libm.a(fixsfsi.o) (__fixunssfsi)
c:/program files (x86)/atmel/atmel toolchain/avr8 gcc/native/3.4.1051/avr8-gnu-toolchain/bin/../lib/gcc/avr/4.8.1/../../../../avr/lib/avr5\libm.a(floatsisf.o)
                              src/main.o (__floatunsisf)
c:/program files (x86)/atmel/atmel toolchain/avr8 gcc/native/3.4.1051/avr8-gnu-toolchain/bin/../lib/gcc/avr/4.8.1/../../../../avr/lib/avr5\libm.a(fp_cmp.o)
                              c:/program files (x86)/atmel/atmel toolchain/avr8 gcc/native/3.4.1051/avr8-gnu-toolchain/bin/../lib/gcc/avr/4.8.1/../../../../avr/lib/avr5\libm.a(cmpsf2.o) (__fp_cmp)
c:/program files (x86)/atmel/atmel toolchain/avr8 gcc/native/3.4.1051/avr8-gnu-toolchain/bin/../lib/gcc/avr/4.8.1/../../../../avr/lib/avr5\libm.a(fp_inf.o)
                              c:/program files (x86)/atmel/atmel toolchain/avr8 gcc/native/3.4.1051/avr8-gnu-toolchain/bin/../lib/gcc/avr/4.8.1/../../../../avr/lib/avr5\libm.a(addsf3x.o) (__fp_inf)
c:/program files (x86)/atmel/atmel toolchain/avr8 gcc/native/3.4.1051/avr8-gnu-toolchain/bin/../lib/gcc/avr/4.8.1/../../../../avr/lib/avr5\libm.a(fp_nan.o)
                              c:/program files (x86)/atmel/atmel toolchain/avr8 gcc/native/3.4.1051/avr8-gnu-toolchain/bin/../lib/gcc/avr/4.8.1/../../../../avr/lib/avr5\libm.a(addsf3x.o) (__fp_nan)
c:/program files (x86)/atmel/atmel toolchain/avr8 gcc/native/3.4.1051/avr8-gnu-toolchain/bin/../lib/gcc/avr/4.8.1/../../../../avr/lib/avr5\libm.a(fp_pscA.o)
                              c:/program files (x86)/atmel/atmel toolchain/avr8 gcc/native/3.4.1051/avr8-gnu-toolchain/bin/../lib/gcc/avr/4.8.1/../../../../avr/lib/avr5\libm.a(addsf3x.o) (__fp_pscA)
c:/program files (x86)/atmel/atmel toolchain/avr8 gcc/native/3.4.1051/avr8-gnu-toolchain/bin/../lib/gcc/avr/4.8.1/../../../../avr/lib/avr5\libm.a(fp_pscB.o)
                              c:/program files (x86)/atmel/atmel toolchain/avr8 gcc/native/3.4.1051/avr8-gnu-toolchain/bin/../lib/gcc/avr/4.8.1/../../../../avr/lib/avr5\libm.a(addsf3x.o) (__fp_pscB)
c:/program files (x86)/atmel/atmel toolchain/avr8 gcc/native/3.4.1051/avr8-gnu-toolchain/bin/../lib/gcc/avr/4.8.1/../../../../avr/lib/avr5\libm.a(fp_round.o)
                              c:/program files (x86)/atmel/atmel toolchain/avr8 gcc/native/3.4.1051/avr8-gnu-toolchain/bin/../lib/gcc/avr/4.8.1/../../../../avr/lib/avr5\libm.a(addsf3.o) (__fp_round)
c:/program files (x86)/atmel/atmel toolchain/avr8 gcc/native/3.4.1051/avr8-gnu-toolchain/bin/../lib/gcc/avr/4.8.1/../../../../avr/lib/avr5\libm.a(fp_split3.o)
                              c:/program files (x86)/atmel/atmel toolchain/avr8 gcc/native/3.4.1051/avr8-gnu-toolchain/bin/../lib/gcc/avr/4.8.1/../../../../avr/lib/avr5\libm.a(addsf3x.o) (__fp_split3)
c:/program files (x86)/atmel/atmel toolchain/avr8 gcc/native/3.4.1051/avr8-gnu-toolchain/bin/../lib/gcc/avr/4.8.1/../../../../avr/lib/avr5\libm.a(fp_zero.o)
                              c:/program files (x86)/atmel/atmel toolchain/avr8 gcc/native/3.4.1051/avr8-gnu-toolchain/bin/../lib/gcc/avr/4.8.1/../../../../avr/lib/avr5\libm.a(addsf3x.o) (__fp_zero)
c:/program files (x86)/atmel/atmel toolchain/avr8 gcc/native/3.4.1051/avr8-gnu-toolchain/bin/../lib/gcc/avr/4.8.1/../../../../avr/lib/avr5\libm.a(gesf2.o)
                              src/main.o (__gtsf2)
c:/program files (x86)/atmel/atmel toolchain/avr8 gcc/native/3.4.1051/avr8-gnu-toolchain/bin/../lib/gcc/avr/4.8.1/../../../../avr/lib/avr5\libm.a(mulsf3.o)
                              src/main.o (__mulsf3)
c:/program files (x86)/atmel/atmel toolchain/avr8 gcc/native/3.4.1051/avr8-gnu-toolchain/bin/../lib/gcc/avr/4.8.1/../../../../avr/lib/avr5\libm.a(mulsf3x.o)
                              c:/program files (x86)/atmel/atmel toolchain/avr8 gcc/native/3.4.1051/avr8-gnu-toolchain/bin/../lib/gcc/avr/4.8.1/../../../../avr/lib/avr5\libm.a(mulsf3.o) (__mulsf3x)
c:/program files (x86)/atmel/atmel toolchain/avr8 gcc/native/3.4.1051/avr8-gnu-toolchain/bin/../lib/gcc/avr/4.8.1/avr5\libgcc.a(_divmodhi4.o)
                              src/main.o (__divmodhi4)
c:/program files (x86)/atmel/atmel toolchain/avr8 gcc/native/3.4.1051/avr8-gnu-toolchain/bin/../lib/gcc/avr/4.8.1/avr5\libgcc.a(_exit.o)
                              c:/program files (x86)/atmel/atmel toolchain/avr8 gcc/native/3.4.1051/avr8-gnu-toolchain/bin/../lib/gcc/avr/4.8.1/../../../../avr/lib/avr5/crtm32.o (exit)
c:/program files (x86)/atmel/atmel toolchain/avr8 gcc/native/3.4.1051/avr8-gnu-toolchain/bin/../lib/gcc/avr/4.8.1/avr5\libgcc.a(_copy_data.o)
                              src/main.o (__do_copy_data)
c:/program files (x86)/atmel/atmel toolchain/avr8 gcc/native/3.4.1051/avr8-gnu-toolchain/bin/../lib/gcc/avr/4.8.1/avr5\libgcc.a(_udivmodhi4.o)
                              c:/program files (x86)/atmel/atmel toolchain/avr8 gcc/native/3.4.1051/avr8-gnu-toolchain/bin/../lib/gcc/avr/4.8.1/avr5\libgcc.a(_divmodhi4.o) (__udivmodhi4)
c:/program files (x86)/atmel/atmel toolchain/avr8 gcc/native/3.4.1051/avr8-gnu-toolchain/bin/../lib/gcc/avr/4.8.1/../../../../avr/lib/avr5\libc.a(sprintf.o)
                              src/main.o (sprintf)
c:/program files (x86)/atmel/atmel toolchain/avr8 gcc/native/3.4.1051/avr8-gnu-toolchain/bin/../lib/gcc/avr/4.8.1/../../../../avr/lib/avr5\libc.a(vfprintf_std.o)
                              c:/program files (x86)/atmel/atmel toolchain/avr8 gcc/native/3.4.1051/avr8-gnu-toolchain/bin/../lib/gcc/avr/4.8.1/../../../../avr/lib/avr5\libc.a(sprintf.o) (vfprintf)
c:/program files (x86)/atmel/atmel toolchain/avr8 gcc/native/3.4.1051/avr8-gnu-toolchain/bin/../lib/gcc/avr/4.8.1/../../../../avr/lib/avr5\libc.a(strnlen_P.o)
                              c:/program files (x86)/atmel/atmel toolchain/avr8 gcc/native/3.4.1051/avr8-gnu-toolchain/bin/../lib/gcc/avr/4.8.1/../../../../avr/lib/avr5\libc.a(vfprintf_std.o) (strnlen_P)
c:/program files (x86)/atmel/atmel toolchain/avr8 gcc/native/3.4.1051/avr8-gnu-toolchain/bin/../lib/gcc/avr/4.8.1/../../../../avr/lib/avr5\libc.a(strnlen.o)
                              c:/program files (x86)/atmel/atmel toolchain/avr8 gcc/native/3.4.1051/avr8-gnu-toolchain/bin/../lib/gcc/avr/4.8.1/../../../../avr/lib/avr5\libc.a(vfprintf_std.o) (strnlen)
c:/program files (x86)/atmel/atmel toolchain/avr8 gcc/native/3.4.1051/avr8-gnu-toolchain/bin/../lib/gcc/avr/4.8.1/../../../../avr/lib/avr5\libc.a(fputc.o)
                              c:/program files (x86)/atmel/atmel toolchain/avr8 gcc/native/3.4.1051/avr8-gnu-toolchain/bin/../lib/gcc/avr/4.8.1/../../../../avr/lib/avr5\libc.a(vfprintf_std.o) (fputc)
c:/program files (x86)/atmel/atmel toolchain/avr8 gcc/native/3.4.1051/avr8-gnu-toolchain/bin/../lib/gcc/avr/4.8.1/../../../../avr/lib/avr5\libc.a(ultoa_invert.o)
                              c:/program files (x86)/atmel/atmel toolchain/avr8 gcc/native/3.4.1051/avr8-gnu-toolchain/bin/../lib/gcc/avr/4.8.1/../../../../avr/lib/avr5\libc.a(vfprintf_std.o) (__ultoa_invert)
c:/program files (x86)/atmel/atmel toolchain/avr8 gcc/native/3.4.1051/avr8-gnu-toolchain/bin/../lib/gcc/avr/4.8.1/avr5\libgcc.a(_prologue.o)
                              c:/program files (x86)/atmel/atmel toolchain/avr8 gcc/native/3.4.1051/avr8-gnu-toolchain/bin/../lib/gcc/avr/4.8.1/../../../../avr/lib/avr5\libc.a(sprintf.o) (__prologue_saves__)
c:/program files (x86)/atmel/atmel toolchain/avr8 gcc/native/3.4.1051/avr8-gnu-toolchain/bin/../lib/gcc/avr/4.8.1/avr5\libgcc.a(_epilogue.o)
                              c:/program files (x86)/atmel/atmel toolchain/avr8 gcc/native/3.4.1051/avr8-gnu-toolchain/bin/../lib/gcc/avr/4.8.1/../../../../avr/lib/avr5\libc.a(sprintf.o) (__epilogue_restores__)

Discarded input sections

 .bss           0x00000000        0x0 c:/program files (x86)/atmel/atmel toolchain/avr8 gcc/native/3.4.1051/avr8-gnu-toolchain/bin/../lib/gcc/avr/4.8.1/../../../../avr/lib/avr5/crtm32.o
 .group         0x00000000        0x8 src/avr.o
 .group         0x00000000        0x8 src/avr.o
 .group         0x00000000        0x8 src/avr.o
 .group         0x00000000        0x8 src/avr.o
 .group         0x00000000        0x8 src/avr.o
 .group         0x00000000        0x8 src/avr.o
 .group         0x00000000        0x8 src/avr.o
 .group         0x00000000        0x8 src/avr.o
 .group         0x00000000        0x8 src/avr.o
 .group         0x00000000        0x8 src/avr.o
 .group         0x00000000        0x8 src/avr.o
 .group         0x00000000        0x8 src/avr.o
 .group         0x00000000        0x8 src/avr.o
 .group         0x00000000        0x8 src/avr.o
 .group         0x00000000        0x8 src/avr.o
 .group         0x00000000        0x8 src/avr.o
 .text          0x00000000        0x0 src/avr.o
 .bss           0x00000000        0x0 src/avr.o
 .text.ini_avr  0x00000000        0x6 src/avr.o
 .group         0x00000000        0x8 src/ASF/mega/boards/stk600/rcx_x/init.o
 .group         0x00000000        0x8 src/ASF/mega/boards/stk600/rcx_x/init.o
 .group         0x00000000        0x8 src/ASF/mega/boards/stk600/rcx_x/init.o
 .group         0x00000000        0x8 src/ASF/mega/boards/stk600/rcx_x/init.o
 .group         0x00000000        0x8 src/ASF/mega/boards/stk600/rcx_x/init.o
 .group         0x00000000        0x8 src/ASF/mega/boards/stk600/rcx_x/init.o
 .group         0x00000000        0x8 src/ASF/mega/boards/stk600/rcx_x/init.o
 .group         0x00000000        0x8 src/ASF/mega/boards/stk600/rcx_x/init.o
 .group         0x00000000        0x8 src/ASF/mega/boards/stk600/rcx_x/init.o
 .group         0x00000000        0x8 src/ASF/mega/boards/stk600/rcx_x/init.o
 .group         0x00000000        0x8 src/ASF/mega/boards/stk600/rcx_x/init.o
 .group         0x00000000        0x8 src/ASF/mega/boards/stk600/rcx_x/init.o
 .group         0x00000000        0x8 src/ASF/mega/boards/stk600/rcx_x/init.o
 .group         0x00000000        0x8 src/ASF/mega/boards/stk600/rcx_x/init.o
 .group         0x00000000        0x8 src/ASF/mega/boards/stk600/rcx_x/init.o
 .group         0x00000000        0x8 src/ASF/mega/boards/stk600/rcx_x/init.o
 .group         0x00000000        0x8 src/ASF/mega/boards/stk600/rcx_x/init.o
 .group         0x00000000        0x8 src/ASF/mega/boards/stk600/rcx_x/init.o
 .group         0x00000000        0x8 src/ASF/mega/boards/stk600/rcx_x/init.o
 .group         0x00000000        0x8 src/ASF/mega/boards/stk600/rcx_x/init.o
 .group         0x00000000        0x8 src/ASF/mega/boards/stk600/rcx_x/init.o
 .group         0x00000000        0x8 src/ASF/mega/boards/stk600/rcx_x/init.o
 .group         0x00000000        0x8 src/ASF/mega/boards/stk600/rcx_x/init.o
 .group         0x00000000        0x8 src/ASF/mega/boards/stk600/rcx_x/init.o
 .group         0x00000000        0x8 src/ASF/mega/boards/stk600/rcx_x/init.o
 .text          0x00000000        0x0 src/ASF/mega/boards/stk600/rcx_x/init.o
 .bss           0x00000000        0x0 src/ASF/mega/boards/stk600/rcx_x/init.o
 .debug_macro   0x00000000      0xa2a src/ASF/mega/boards/stk600/rcx_x/init.o
 .debug_macro   0x00000000       0x10 src/ASF/mega/boards/stk600/rcx_x/init.o
 .debug_macro   0x00000000      0x1ad src/ASF/mega/boards/stk600/rcx_x/init.o
 .debug_macro   0x00000000      0x293 src/ASF/mega/boards/stk600/rcx_x/init.o
 .debug_macro   0x00000000       0x9e src/ASF/mega/boards/stk600/rcx_x/init.o
 .debug_macro   0x00000000      0xbfa src/ASF/mega/boards/stk600/rcx_x/init.o
 .debug_macro   0x00000000      0x170 src/ASF/mega/boards/stk600/rcx_x/init.o
 .debug_macro   0x00000000       0xbd src/ASF/mega/boards/stk600/rcx_x/init.o
 .debug_macro   0x00000000       0x34 src/ASF/mega/boards/stk600/rcx_x/init.o
 .debug_macro   0x00000000       0x18 src/ASF/mega/boards/stk600/rcx_x/init.o
 .debug_macro   0x00000000       0x6c src/ASF/mega/boards/stk600/rcx_x/init.o
 .debug_macro   0x00000000       0x10 src/ASF/mega/boards/stk600/rcx_x/init.o
 .group         0x00000000        0x8 src/lcd.o
 .group         0x00000000        0x8 src/lcd.o
 .group         0x00000000        0x8 src/lcd.o
 .group         0x00000000        0x8 src/lcd.o
 .group         0x00000000        0x8 src/lcd.o
 .group         0x00000000        0x8 src/lcd.o
 .group         0x00000000        0x8 src/lcd.o
 .group         0x00000000        0x8 src/lcd.o
 .group         0x00000000        0x8 src/lcd.o
 .group         0x00000000        0x8 src/lcd.o
 .group         0x00000000        0x8 src/lcd.o
 .group         0x00000000        0x8 src/lcd.o
 .group         0x00000000        0x8 src/lcd.o
 .group         0x00000000        0x8 src/lcd.o
 .group         0x00000000        0x8 src/lcd.o
 .group         0x00000000        0x8 src/lcd.o
 .text          0x00000000        0x0 src/lcd.o
 .bss           0x00000000        0x0 src/lcd.o
 .text.put_lcd  0x00000000        0x8 src/lcd.o
 .text.put_const_str_lcd
                0x00000000       0x26 src/lcd.o
 .debug_macro   0x00000000      0xa2a src/lcd.o
 .debug_macro   0x00000000       0x10 src/lcd.o
 .debug_macro   0x00000000      0x1ad src/lcd.o
 .debug_macro   0x00000000      0x293 src/lcd.o
 .debug_macro   0x00000000       0x9e src/lcd.o
 .debug_macro   0x00000000      0xbfa src/lcd.o
 .debug_macro   0x00000000      0x170 src/lcd.o
 .debug_macro   0x00000000       0xbd src/lcd.o
 .debug_macro   0x00000000       0x34 src/lcd.o
 .debug_macro   0x00000000       0x18 src/lcd.o
 .debug_macro   0x00000000       0x6c src/lcd.o
 .debug_macro   0x00000000       0x63 src/lcd.o
 .debug_macro   0x00000000       0x10 src/lcd.o
 .debug_macro   0x00000000       0x89 src/lcd.o
 .debug_macro   0x00000000       0xee src/lcd.o
 .debug_macro   0x00000000       0x3a src/lcd.o
 .group         0x00000000        0x8 src/main.o
 .group         0x00000000        0x8 src/main.o
 .group         0x00000000        0x8 src/main.o
 .group         0x00000000        0x8 src/main.o
 .group         0x00000000        0x8 src/main.o
 .group         0x00000000        0x8 src/main.o
 .group         0x00000000        0x8 src/main.o
 .group         0x00000000        0x8 src/main.o
 .group         0x00000000        0x8 src/main.o
 .group         0x00000000        0x8 src/main.o
 .group         0x00000000        0x8 src/main.o
 .group         0x00000000        0x8 src/main.o
 .group         0x00000000        0x8 src/main.o
 .group         0x00000000        0x8 src/main.o
 .group         0x00000000        0x8 src/main.o
 .group         0x00000000        0x8 src/main.o
 .group         0x00000000        0x8 src/main.o
 .group         0x00000000        0x8 src/main.o
 .group         0x00000000        0x8 src/main.o
 .group         0x00000000        0x8 src/main.o
 .group         0x00000000        0x8 src/main.o
 .group         0x00000000        0x8 src/main.o
 .group         0x00000000        0x8 src/main.o
 .group         0x00000000        0x8 src/main.o
 .group         0x00000000        0x8 src/main.o
 .group         0x00000000        0x8 src/main.o
 .group         0x00000000        0x8 src/main.o
 .group         0x00000000        0x8 src/main.o
 .group         0x00000000        0x8 src/main.o
 .group         0x00000000        0x8 src/main.o
 .text          0x00000000        0x0 src/main.o
 .bss           0x00000000        0x0 src/main.o
 .text.getWhole
                0x00000000       0x1e src/main.o
 .text.getDecimal
                0x00000000       0x1c src/main.o
 .debug_macro   0x00000000      0xa2a src/main.o
 .debug_macro   0x00000000       0x10 src/main.o
 .debug_macro   0x00000000      0x1ad src/main.o
 .debug_macro   0x00000000      0x293 src/main.o
 .debug_macro   0x00000000       0x9e src/main.o
 .debug_macro   0x00000000      0xbfa src/main.o
 .debug_macro   0x00000000      0x170 src/main.o
 .debug_macro   0x00000000       0xbd src/main.o
 .debug_macro   0x00000000       0x34 src/main.o
 .debug_macro   0x00000000       0x18 src/main.o
 .debug_macro   0x00000000       0x6c src/main.o
 .debug_macro   0x00000000       0x22 src/main.o
 .debug_macro   0x00000000      0x166 src/main.o
 .debug_macro   0x00000000       0x1c src/main.o
 .debug_macro   0x00000000       0x35 src/main.o
 .debug_macro   0x00000000       0x66 src/main.o
 .debug_macro   0x00000000      0x3b9 src/main.o
 .debug_macro   0x00000000       0x44 src/main.o
 .debug_macro   0x00000000       0x69 src/main.o
 .debug_macro   0x00000000       0x2c src/main.o
 .debug_macro   0x00000000       0x10 src/main.o
 .debug_macro   0x00000000       0xe2 src/main.o
 .debug_macro   0x00000000       0x40 src/main.o
 .debug_macro   0x00000000      0x100 src/main.o
 .debug_macro   0x00000000      0x207 src/main.o
 .text          0x00000000        0x0 c:/program files (x86)/atmel/atmel toolchain/avr8 gcc/native/3.4.1051/avr8-gnu-toolchain/bin/../lib/gcc/avr/4.8.1/../../../../avr/lib/avr5\libm.a(addsf3.o)
 .bss           0x00000000        0x0 c:/program files (x86)/atmel/atmel toolchain/avr8 gcc/native/3.4.1051/avr8-gnu-toolchain/bin/../lib/gcc/avr/4.8.1/../../../../avr/lib/avr5\libm.a(addsf3.o)
 .text          0x00000000        0x0 c:/program files (x86)/atmel/atmel toolchain/avr8 gcc/native/3.4.1051/avr8-gnu-toolchain/bin/../lib/gcc/avr/4.8.1/../../../../avr/lib/avr5\libm.a(addsf3x.o)
 .bss           0x00000000        0x0 c:/program files (x86)/atmel/atmel toolchain/avr8 gcc/native/3.4.1051/avr8-gnu-toolchain/bin/../lib/gcc/avr/4.8.1/../../../../avr/lib/avr5\libm.a(addsf3x.o)
 .text          0x00000000        0x0 c:/program files (x86)/atmel/atmel toolchain/avr8 gcc/native/3.4.1051/avr8-gnu-toolchain/bin/../lib/gcc/avr/4.8.1/../../../../avr/lib/avr5\libm.a(cmpsf2.o)
 .bss           0x00000000        0x0 c:/program files (x86)/atmel/atmel toolchain/avr8 gcc/native/3.4.1051/avr8-gnu-toolchain/bin/../lib/gcc/avr/4.8.1/../../../../avr/lib/avr5\libm.a(cmpsf2.o)
 .text          0x00000000        0x0 c:/program files (x86)/atmel/atmel toolchain/avr8 gcc/native/3.4.1051/avr8-gnu-toolchain/bin/../lib/gcc/avr/4.8.1/../../../../avr/lib/avr5\libm.a(divsf3.o)
 .bss           0x00000000        0x0 c:/program files (x86)/atmel/atmel toolchain/avr8 gcc/native/3.4.1051/avr8-gnu-toolchain/bin/../lib/gcc/avr/4.8.1/../../../../avr/lib/avr5\libm.a(divsf3.o)
 .text          0x00000000        0x0 c:/program files (x86)/atmel/atmel toolchain/avr8 gcc/native/3.4.1051/avr8-gnu-toolchain/bin/../lib/gcc/avr/4.8.1/../../../../avr/lib/avr5\libm.a(divsf3x.o)
 .bss           0x00000000        0x0 c:/program files (x86)/atmel/atmel toolchain/avr8 gcc/native/3.4.1051/avr8-gnu-toolchain/bin/../lib/gcc/avr/4.8.1/../../../../avr/lib/avr5\libm.a(divsf3x.o)
 .text          0x00000000        0x0 c:/program files (x86)/atmel/atmel toolchain/avr8 gcc/native/3.4.1051/avr8-gnu-toolchain/bin/../lib/gcc/avr/4.8.1/../../../../avr/lib/avr5\libm.a(fixsfsi.o)
 .bss           0x00000000        0x0 c:/program files (x86)/atmel/atmel toolchain/avr8 gcc/native/3.4.1051/avr8-gnu-toolchain/bin/../lib/gcc/avr/4.8.1/../../../../avr/lib/avr5\libm.a(fixsfsi.o)
 .text          0x00000000        0x0 c:/program files (x86)/atmel/atmel toolchain/avr8 gcc/native/3.4.1051/avr8-gnu-toolchain/bin/../lib/gcc/avr/4.8.1/../../../../avr/lib/avr5\libm.a(fixunssfsi.o)
 .bss           0x00000000        0x0 c:/program files (x86)/atmel/atmel toolchain/avr8 gcc/native/3.4.1051/avr8-gnu-toolchain/bin/../lib/gcc/avr/4.8.1/../../../../avr/lib/avr5\libm.a(fixunssfsi.o)
 .text          0x00000000        0x0 c:/program files (x86)/atmel/atmel toolchain/avr8 gcc/native/3.4.1051/avr8-gnu-toolchain/bin/../lib/gcc/avr/4.8.1/../../../../avr/lib/avr5\libm.a(floatsisf.o)
 .bss           0x00000000        0x0 c:/program files (x86)/atmel/atmel toolchain/avr8 gcc/native/3.4.1051/avr8-gnu-toolchain/bin/../lib/gcc/avr/4.8.1/../../../../avr/lib/avr5\libm.a(floatsisf.o)
 .text          0x00000000        0x0 c:/program files (x86)/atmel/atmel toolchain/avr8 gcc/native/3.4.1051/avr8-gnu-toolchain/bin/../lib/gcc/avr/4.8.1/../../../../avr/lib/avr5\libm.a(fp_cmp.o)
 .bss           0x00000000        0x0 c:/program files (x86)/atmel/atmel toolchain/avr8 gcc/native/3.4.1051/avr8-gnu-toolchain/bin/../lib/gcc/avr/4.8.1/../../../../avr/lib/avr5\libm.a(fp_cmp.o)
 .text          0x00000000        0x0 c:/program files (x86)/atmel/atmel toolchain/avr8 gcc/native/3.4.1051/avr8-gnu-toolchain/bin/../lib/gcc/avr/4.8.1/../../../../avr/lib/avr5\libm.a(fp_inf.o)
 .bss           0x00000000        0x0 c:/program files (x86)/atmel/atmel toolchain/avr8 gcc/native/3.4.1051/avr8-gnu-toolchain/bin/../lib/gcc/avr/4.8.1/../../../../avr/lib/avr5\libm.a(fp_inf.o)
 .text          0x00000000        0x0 c:/program files (x86)/atmel/atmel toolchain/avr8 gcc/native/3.4.1051/avr8-gnu-toolchain/bin/../lib/gcc/avr/4.8.1/../../../../avr/lib/avr5\libm.a(fp_nan.o)
 .bss           0x00000000        0x0 c:/program files (x86)/atmel/atmel toolchain/avr8 gcc/native/3.4.1051/avr8-gnu-toolchain/bin/../lib/gcc/avr/4.8.1/../../../../avr/lib/avr5\libm.a(fp_nan.o)
 .text          0x00000000        0x0 c:/program files (x86)/atmel/atmel toolchain/avr8 gcc/native/3.4.1051/avr8-gnu-toolchain/bin/../lib/gcc/avr/4.8.1/../../../../avr/lib/avr5\libm.a(fp_pscA.o)
 .bss           0x00000000        0x0 c:/program files (x86)/atmel/atmel toolchain/avr8 gcc/native/3.4.1051/avr8-gnu-toolchain/bin/../lib/gcc/avr/4.8.1/../../../../avr/lib/avr5\libm.a(fp_pscA.o)
 .text          0x00000000        0x0 c:/program files (x86)/atmel/atmel toolchain/avr8 gcc/native/3.4.1051/avr8-gnu-toolchain/bin/../lib/gcc/avr/4.8.1/../../../../avr/lib/avr5\libm.a(fp_pscB.o)
 .bss           0x00000000        0x0 c:/program files (x86)/atmel/atmel toolchain/avr8 gcc/native/3.4.1051/avr8-gnu-toolchain/bin/../lib/gcc/avr/4.8.1/../../../../avr/lib/avr5\libm.a(fp_pscB.o)
 .text          0x00000000        0x0 c:/program files (x86)/atmel/atmel toolchain/avr8 gcc/native/3.4.1051/avr8-gnu-toolchain/bin/../lib/gcc/avr/4.8.1/../../../../avr/lib/avr5\libm.a(fp_round.o)
 .bss           0x00000000        0x0 c:/program files (x86)/atmel/atmel toolchain/avr8 gcc/native/3.4.1051/avr8-gnu-toolchain/bin/../lib/gcc/avr/4.8.1/../../../../avr/lib/avr5\libm.a(fp_round.o)
 .text          0x00000000        0x0 c:/program files (x86)/atmel/atmel toolchain/avr8 gcc/native/3.4.1051/avr8-gnu-toolchain/bin/../lib/gcc/avr/4.8.1/../../../../avr/lib/avr5\libm.a(fp_split3.o)
 .bss           0x00000000        0x0 c:/program files (x86)/atmel/atmel toolchain/avr8 gcc/native/3.4.1051/avr8-gnu-toolchain/bin/../lib/gcc/avr/4.8.1/../../../../avr/lib/avr5\libm.a(fp_split3.o)
 .text          0x00000000        0x0 c:/program files (x86)/atmel/atmel toolchain/avr8 gcc/native/3.4.1051/avr8-gnu-toolchain/bin/../lib/gcc/avr/4.8.1/../../../../avr/lib/avr5\libm.a(fp_zero.o)
 .bss           0x00000000        0x0 c:/program files (x86)/atmel/atmel toolchain/avr8 gcc/native/3.4.1051/avr8-gnu-toolchain/bin/../lib/gcc/avr/4.8.1/../../../../avr/lib/avr5\libm.a(fp_zero.o)
 .text          0x00000000        0x0 c:/program files (x86)/atmel/atmel toolchain/avr8 gcc/native/3.4.1051/avr8-gnu-toolchain/bin/../lib/gcc/avr/4.8.1/../../../../avr/lib/avr5\libm.a(gesf2.o)
 .bss           0x00000000        0x0 c:/program files (x86)/atmel/atmel toolchain/avr8 gcc/native/3.4.1051/avr8-gnu-toolchain/bin/../lib/gcc/avr/4.8.1/../../../../avr/lib/avr5\libm.a(gesf2.o)
 .text          0x00000000        0x0 c:/program files (x86)/atmel/atmel toolchain/avr8 gcc/native/3.4.1051/avr8-gnu-toolchain/bin/../lib/gcc/avr/4.8.1/../../../../avr/lib/avr5\libm.a(mulsf3.o)
 .bss           0x00000000        0x0 c:/program files (x86)/atmel/atmel toolchain/avr8 gcc/native/3.4.1051/avr8-gnu-toolchain/bin/../lib/gcc/avr/4.8.1/../../../../avr/lib/avr5\libm.a(mulsf3.o)
 .text          0x00000000        0x0 c:/program files (x86)/atmel/atmel toolchain/avr8 gcc/native/3.4.1051/avr8-gnu-toolchain/bin/../lib/gcc/avr/4.8.1/../../../../avr/lib/avr5\libm.a(mulsf3x.o)
 .bss           0x00000000        0x0 c:/program files (x86)/atmel/atmel toolchain/avr8 gcc/native/3.4.1051/avr8-gnu-toolchain/bin/../lib/gcc/avr/4.8.1/../../../../avr/lib/avr5\libm.a(mulsf3x.o)
 .text          0x00000000        0x0 c:/program files (x86)/atmel/atmel toolchain/avr8 gcc/native/3.4.1051/avr8-gnu-toolchain/bin/../lib/gcc/avr/4.8.1/avr5\libgcc.a(_divmodhi4.o)
 .bss           0x00000000        0x0 c:/program files (x86)/atmel/atmel toolchain/avr8 gcc/native/3.4.1051/avr8-gnu-toolchain/bin/../lib/gcc/avr/4.8.1/avr5\libgcc.a(_divmodhi4.o)
 .text.libgcc.mul
                0x00000000        0x0 c:/program files (x86)/atmel/atmel toolchain/avr8 gcc/native/3.4.1051/avr8-gnu-toolchain/bin/../lib/gcc/avr/4.8.1/avr5\libgcc.a(_divmodhi4.o)
 .text.libgcc   0x00000000        0x0 c:/program files (x86)/atmel/atmel toolchain/avr8 gcc/native/3.4.1051/avr8-gnu-toolchain/bin/../lib/gcc/avr/4.8.1/avr5\libgcc.a(_divmodhi4.o)
 .text.libgcc.prologue
                0x00000000        0x0 c:/program files (x86)/atmel/atmel toolchain/avr8 gcc/native/3.4.1051/avr8-gnu-toolchain/bin/../lib/gcc/avr/4.8.1/avr5\libgcc.a(_divmodhi4.o)
 .text.libgcc.builtins
                0x00000000        0x0 c:/program files (x86)/atmel/atmel toolchain/avr8 gcc/native/3.4.1051/avr8-gnu-toolchain/bin/../lib/gcc/avr/4.8.1/avr5\libgcc.a(_divmodhi4.o)
 .text.libgcc.fmul
                0x00000000        0x0 c:/program files (x86)/atmel/atmel toolchain/avr8 gcc/native/3.4.1051/avr8-gnu-toolchain/bin/../lib/gcc/avr/4.8.1/avr5\libgcc.a(_divmodhi4.o)
 .text.libgcc.fixed
                0x00000000        0x0 c:/program files (x86)/atmel/atmel toolchain/avr8 gcc/native/3.4.1051/avr8-gnu-toolchain/bin/../lib/gcc/avr/4.8.1/avr5\libgcc.a(_divmodhi4.o)
 .text          0x00000000        0x0 c:/program files (x86)/atmel/atmel toolchain/avr8 gcc/native/3.4.1051/avr8-gnu-toolchain/bin/../lib/gcc/avr/4.8.1/avr5\libgcc.a(_exit.o)
 .bss           0x00000000        0x0 c:/program files (x86)/atmel/atmel toolchain/avr8 gcc/native/3.4.1051/avr8-gnu-toolchain/bin/../lib/gcc/avr/4.8.1/avr5\libgcc.a(_exit.o)
 .text.libgcc.mul
                0x00000000        0x0 c:/program files (x86)/atmel/atmel toolchain/avr8 gcc/native/3.4.1051/avr8-gnu-toolchain/bin/../lib/gcc/avr/4.8.1/avr5\libgcc.a(_exit.o)
 .text.libgcc.div
                0x00000000        0x0 c:/program files (x86)/atmel/atmel toolchain/avr8 gcc/native/3.4.1051/avr8-gnu-toolchain/bin/../lib/gcc/avr/4.8.1/avr5\libgcc.a(_exit.o)
 .text.libgcc   0x00000000        0x0 c:/program files (x86)/atmel/atmel toolchain/avr8 gcc/native/3.4.1051/avr8-gnu-toolchain/bin/../lib/gcc/avr/4.8.1/avr5\libgcc.a(_exit.o)
 .text.libgcc.prologue
                0x00000000        0x0 c:/program files (x86)/atmel/atmel toolchain/avr8 gcc/native/3.4.1051/avr8-gnu-toolchain/bin/../lib/gcc/avr/4.8.1/avr5\libgcc.a(_exit.o)
 .text.libgcc.builtins
                0x00000000        0x0 c:/program files (x86)/atmel/atmel toolchain/avr8 gcc/native/3.4.1051/avr8-gnu-toolchain/bin/../lib/gcc/avr/4.8.1/avr5\libgcc.a(_exit.o)
 .text.libgcc.fmul
                0x00000000        0x0 c:/program files (x86)/atmel/atmel toolchain/avr8 gcc/native/3.4.1051/avr8-gnu-toolchain/bin/../lib/gcc/avr/4.8.1/avr5\libgcc.a(_exit.o)
 .text.libgcc.fixed
                0x00000000        0x0 c:/program files (x86)/atmel/atmel toolchain/avr8 gcc/native/3.4.1051/avr8-gnu-toolchain/bin/../lib/gcc/avr/4.8.1/avr5\libgcc.a(_exit.o)
 .text          0x00000000        0x0 c:/program files (x86)/atmel/atmel toolchain/avr8 gcc/native/3.4.1051/avr8-gnu-toolchain/bin/../lib/gcc/avr/4.8.1/avr5\libgcc.a(_copy_data.o)
 .bss           0x00000000        0x0 c:/program files (x86)/atmel/atmel toolchain/avr8 gcc/native/3.4.1051/avr8-gnu-toolchain/bin/../lib/gcc/avr/4.8.1/avr5\libgcc.a(_copy_data.o)
 .text.libgcc.mul
                0x00000000        0x0 c:/program files (x86)/atmel/atmel toolchain/avr8 gcc/native/3.4.1051/avr8-gnu-toolchain/bin/../lib/gcc/avr/4.8.1/avr5\libgcc.a(_copy_data.o)
 .text.libgcc.div
                0x00000000        0x0 c:/program files (x86)/atmel/atmel toolchain/avr8 gcc/native/3.4.1051/avr8-gnu-toolchain/bin/../lib/gcc/avr/4.8.1/avr5\libgcc.a(_copy_data.o)
 .text.libgcc   0x00000000        0x0 c:/program files (x86)/atmel/atmel toolchain/avr8 gcc/native/3.4.1051/avr8-gnu-toolchain/bin/../lib/gcc/avr/4.8.1/avr5\libgcc.a(_copy_data.o)
 .text.libgcc.prologue
                0x00000000        0x0 c:/program files (x86)/atmel/atmel toolchain/avr8 gcc/native/3.4.1051/avr8-gnu-toolchain/bin/../lib/gcc/avr/4.8.1/avr5\libgcc.a(_copy_data.o)
 .text.libgcc.builtins
                0x00000000        0x0 c:/program files (x86)/atmel/atmel toolchain/avr8 gcc/native/3.4.1051/avr8-gnu-toolchain/bin/../lib/gcc/avr/4.8.1/avr5\libgcc.a(_copy_data.o)
 .text.libgcc.fmul
                0x00000000        0x0 c:/program files (x86)/atmel/atmel toolchain/avr8 gcc/native/3.4.1051/avr8-gnu-toolchain/bin/../lib/gcc/avr/4.8.1/avr5\libgcc.a(_copy_data.o)
 .text.libgcc.fixed
                0x00000000        0x0 c:/program files (x86)/atmel/atmel toolchain/avr8 gcc/native/3.4.1051/avr8-gnu-toolchain/bin/../lib/gcc/avr/4.8.1/avr5\libgcc.a(_copy_data.o)
 .text          0x00000000        0x0 c:/program files (x86)/atmel/atmel toolchain/avr8 gcc/native/3.4.1051/avr8-gnu-toolchain/bin/../lib/gcc/avr/4.8.1/avr5\libgcc.a(_udivmodhi4.o)
 .bss           0x00000000        0x0 c:/program files (x86)/atmel/atmel toolchain/avr8 gcc/native/3.4.1051/avr8-gnu-toolchain/bin/../lib/gcc/avr/4.8.1/avr5\libgcc.a(_udivmodhi4.o)
 .text.libgcc.mul
                0x00000000        0x0 c:/program files (x86)/atmel/atmel toolchain/avr8 gcc/native/3.4.1051/avr8-gnu-toolchain/bin/../lib/gcc/avr/4.8.1/avr5\libgcc.a(_udivmodhi4.o)
 .text.libgcc   0x00000000        0x0 c:/program files (x86)/atmel/atmel toolchain/avr8 gcc/native/3.4.1051/avr8-gnu-toolchain/bin/../lib/gcc/avr/4.8.1/avr5\libgcc.a(_udivmodhi4.o)
 .text.libgcc.prologue
                0x00000000        0x0 c:/program files (x86)/atmel/atmel toolchain/avr8 gcc/native/3.4.1051/avr8-gnu-toolchain/bin/../lib/gcc/avr/4.8.1/avr5\libgcc.a(_udivmodhi4.o)
 .text.libgcc.builtins
                0x00000000        0x0 c:/program files (x86)/atmel/atmel toolchain/avr8 gcc/native/3.4.1051/avr8-gnu-toolchain/bin/../lib/gcc/avr/4.8.1/avr5\libgcc.a(_udivmodhi4.o)
 .text.libgcc.fmul
                0x00000000        0x0 c:/program files (x86)/atmel/atmel toolchain/avr8 gcc/native/3.4.1051/avr8-gnu-toolchain/bin/../lib/gcc/avr/4.8.1/avr5\libgcc.a(_udivmodhi4.o)
 .text.libgcc.fixed
                0x00000000        0x0 c:/program files (x86)/atmel/atmel toolchain/avr8 gcc/native/3.4.1051/avr8-gnu-toolchain/bin/../lib/gcc/avr/4.8.1/avr5\libgcc.a(_udivmodhi4.o)
 .text          0x00000000        0x0 c:/program files (x86)/atmel/atmel toolchain/avr8 gcc/native/3.4.1051/avr8-gnu-toolchain/bin/../lib/gcc/avr/4.8.1/../../../../avr/lib/avr5\libc.a(sprintf.o)
 .bss           0x00000000        0x0 c:/program files (x86)/atmel/atmel toolchain/avr8 gcc/native/3.4.1051/avr8-gnu-toolchain/bin/../lib/gcc/avr/4.8.1/../../../../avr/lib/avr5\libc.a(sprintf.o)
 .text          0x00000000        0x0 c:/program files (x86)/atmel/atmel toolchain/avr8 gcc/native/3.4.1051/avr8-gnu-toolchain/bin/../lib/gcc/avr/4.8.1/../../../../avr/lib/avr5\libc.a(vfprintf_std.o)
 .bss           0x00000000        0x0 c:/program files (x86)/atmel/atmel toolchain/avr8 gcc/native/3.4.1051/avr8-gnu-toolchain/bin/../lib/gcc/avr/4.8.1/../../../../avr/lib/avr5\libc.a(vfprintf_std.o)
 .text          0x00000000        0x0 c:/program files (x86)/atmel/atmel toolchain/avr8 gcc/native/3.4.1051/avr8-gnu-toolchain/bin/../lib/gcc/avr/4.8.1/../../../../avr/lib/avr5\libc.a(strnlen_P.o)
 .bss           0x00000000        0x0 c:/program files (x86)/atmel/atmel toolchain/avr8 gcc/native/3.4.1051/avr8-gnu-toolchain/bin/../lib/gcc/avr/4.8.1/../../../../avr/lib/avr5\libc.a(strnlen_P.o)
 .text          0x00000000        0x0 c:/program files (x86)/atmel/atmel toolchain/avr8 gcc/native/3.4.1051/avr8-gnu-toolchain/bin/../lib/gcc/avr/4.8.1/../../../../avr/lib/avr5\libc.a(strnlen.o)
 .bss           0x00000000        0x0 c:/program files (x86)/atmel/atmel toolchain/avr8 gcc/native/3.4.1051/avr8-gnu-toolchain/bin/../lib/gcc/avr/4.8.1/../../../../avr/lib/avr5\libc.a(strnlen.o)
 .text          0x00000000        0x0 c:/program files (x86)/atmel/atmel toolchain/avr8 gcc/native/3.4.1051/avr8-gnu-toolchain/bin/../lib/gcc/avr/4.8.1/../../../../avr/lib/avr5\libc.a(fputc.o)
 .bss           0x00000000        0x0 c:/program files (x86)/atmel/atmel toolchain/avr8 gcc/native/3.4.1051/avr8-gnu-toolchain/bin/../lib/gcc/avr/4.8.1/../../../../avr/lib/avr5\libc.a(fputc.o)
 .text          0x00000000        0x0 c:/program files (x86)/atmel/atmel toolchain/avr8 gcc/native/3.4.1051/avr8-gnu-toolchain/bin/../lib/gcc/avr/4.8.1/../../../../avr/lib/avr5\libc.a(ultoa_invert.o)
 .bss           0x00000000        0x0 c:/program files (x86)/atmel/atmel toolchain/avr8 gcc/native/3.4.1051/avr8-gnu-toolchain/bin/../lib/gcc/avr/4.8.1/../../../../avr/lib/avr5\libc.a(ultoa_invert.o)
 .text          0x00000000        0x0 c:/program files (x86)/atmel/atmel toolchain/avr8 gcc/native/3.4.1051/avr8-gnu-toolchain/bin/../lib/gcc/avr/4.8.1/avr5\libgcc.a(_prologue.o)
 .bss           0x00000000        0x0 c:/program files (x86)/atmel/atmel toolchain/avr8 gcc/native/3.4.1051/avr8-gnu-toolchain/bin/../lib/gcc/avr/4.8.1/avr5\libgcc.a(_prologue.o)
 .text.libgcc.mul
                0x00000000        0x0 c:/program files (x86)/atmel/atmel toolchain/avr8 gcc/native/3.4.1051/avr8-gnu-toolchain/bin/../lib/gcc/avr/4.8.1/avr5\libgcc.a(_prologue.o)
 .text.libgcc.div
                0x00000000        0x0 c:/program files (x86)/atmel/atmel toolchain/avr8 gcc/native/3.4.1051/avr8-gnu-toolchain/bin/../lib/gcc/avr/4.8.1/avr5\libgcc.a(_prologue.o)
 .text.libgcc   0x00000000        0x0 c:/program files (x86)/atmel/atmel toolchain/avr8 gcc/native/3.4.1051/avr8-gnu-toolchain/bin/../lib/gcc/avr/4.8.1/avr5\libgcc.a(_prologue.o)
 .text.libgcc.builtins
                0x00000000        0x0 c:/program files (x86)/atmel/atmel toolchain/avr8 gcc/native/3.4.1051/avr8-gnu-toolchain/bin/../lib/gcc/avr/4.8.1/avr5\libgcc.a(_prologue.o)
 .text.libgcc.fmul
                0x00000000        0x0 c:/program files (x86)/atmel/atmel toolchain/avr8 gcc/native/3.4.1051/avr8-gnu-toolchain/bin/../lib/gcc/avr/4.8.1/avr5\libgcc.a(_prologue.o)
 .text.libgcc.fixed
                0x00000000        0x0 c:/program files (x86)/atmel/atmel toolchain/avr8 gcc/native/3.4.1051/avr8-gnu-toolchain/bin/../lib/gcc/avr/4.8.1/avr5\libgcc.a(_prologue.o)
 .text          0x00000000        0x0 c:/program files (x86)/atmel/atmel toolchain/avr8 gcc/native/3.4.1051/avr8-gnu-toolchain/bin/../lib/gcc/avr/4.8.1/avr5\libgcc.a(_epilogue.o)
 .bss           0x00000000        0x0 c:/program files (x86)/atmel/atmel toolchain/avr8 gcc/native/3.4.1051/avr8-gnu-toolchain/bin/../lib/gcc/avr/4.8.1/avr5\libgcc.a(_epilogue.o)
 .text.libgcc.mul
                0x00000000        0x0 c:/program files (x86)/atmel/atmel toolchain/avr8 gcc/native/3.4.1051/avr8-gnu-toolchain/bin/../lib/gcc/avr/4.8.1/avr5\libgcc.a(_epilogue.o)
 .text.libgcc.div
                0x00000000        0x0 c:/program files (x86)/atmel/atmel toolchain/avr8 gcc/native/3.4.1051/avr8-gnu-toolchain/bin/../lib/gcc/avr/4.8.1/avr5\libgcc.a(_epilogue.o)
 .text.libgcc   0x00000000        0x0 c:/program files (x86)/atmel/atmel toolchain/avr8 gcc/native/3.4.1051/avr8-gnu-toolchain/bin/../lib/gcc/avr/4.8.1/avr5\libgcc.a(_epilogue.o)
 .text.libgcc.builtins
                0x00000000        0x0 c:/program files (x86)/atmel/atmel toolchain/avr8 gcc/native/3.4.1051/avr8-gnu-toolchain/bin/../lib/gcc/avr/4.8.1/avr5\libgcc.a(_epilogue.o)
 .text.libgcc.fmul
                0x00000000        0x0 c:/program files (x86)/atmel/atmel toolchain/avr8 gcc/native/3.4.1051/avr8-gnu-toolchain/bin/../lib/gcc/avr/4.8.1/avr5\libgcc.a(_epilogue.o)
 .text.libgcc.fixed
                0x00000000        0x0 c:/program files (x86)/atmel/atmel toolchain/avr8 gcc/native/3.4.1051/avr8-gnu-toolchain/bin/../lib/gcc/avr/4.8.1/avr5\libgcc.a(_epilogue.o)

Memory Configuration

Name             Origin             Length             Attributes
text             0x00000000         0x00020000         xr
data             0x00800060         0x0000ffa0         rw !x
eeprom           0x00810000         0x00010000         rw !x
fuse             0x00820000         0x00000400         rw !x
lock             0x00830000         0x00000400         rw !x
signature        0x00840000         0x00000400         rw !x
user_signatures  0x00850000         0x00000400         rw !x
*default*        0x00000000         0xffffffff

Linker script and memory map

LOAD c:/program files (x86)/atmel/atmel toolchain/avr8 gcc/native/3.4.1051/avr8-gnu-toolchain/bin/../lib/gcc/avr/4.8.1/../../../../avr/lib/avr5/crtm32.o
LOAD src/avr.o
LOAD src/ASF/mega/boards/stk600/rcx_x/init.o
LOAD src/lcd.o
LOAD src/main.o
START GROUP
LOAD c:/program files (x86)/atmel/atmel toolchain/avr8 gcc/native/3.4.1051/avr8-gnu-toolchain/bin/../lib/gcc/avr/4.8.1/../../../../avr/lib/avr5\libm.a
END GROUP
START GROUP
LOAD c:/program files (x86)/atmel/atmel toolchain/avr8 gcc/native/3.4.1051/avr8-gnu-toolchain/bin/../lib/gcc/avr/4.8.1/avr5\libgcc.a
LOAD c:/program files (x86)/atmel/atmel toolchain/avr8 gcc/native/3.4.1051/avr8-gnu-toolchain/bin/../lib/gcc/avr/4.8.1/../../../../avr/lib/avr5\libm.a
LOAD c:/program files (x86)/atmel/atmel toolchain/avr8 gcc/native/3.4.1051/avr8-gnu-toolchain/bin/../lib/gcc/avr/4.8.1/../../../../avr/lib/avr5\libc.a
END GROUP

.hash
 *(.hash)

.dynsym
 *(.dynsym)

.dynstr
 *(.dynstr)

.gnu.version
 *(.gnu.version)

.gnu.version_d
 *(.gnu.version_d)

.gnu.version_r
 *(.gnu.version_r)

.rel.init
 *(.rel.init)

.rela.init
 *(.rela.init)

.rel.text
 *(.rel.text)
 *(.rel.text.*)
 *(.rel.gnu.linkonce.t*)

.rela.text
 *(.rela.text)
 *(.rela.text.*)
 *(.rela.gnu.linkonce.t*)

.rel.fini
 *(.rel.fini)

.rela.fini
 *(.rela.fini)

.rel.rodata
 *(.rel.rodata)
 *(.rel.rodata.*)
 *(.rel.gnu.linkonce.r*)

.rela.rodata
 *(.rela.rodata)
 *(.rela.rodata.*)
 *(.rela.gnu.linkonce.r*)

.rel.data
 *(.rel.data)
 *(.rel.data.*)
 *(.rel.gnu.linkonce.d*)

.rela.data
 *(.rela.data)
 *(.rela.data.*)
 *(.rela.gnu.linkonce.d*)

.rel.ctors
 *(.rel.ctors)

.rela.ctors
 *(.rela.ctors)

.rel.dtors
 *(.rel.dtors)

.rela.dtors
 *(.rela.dtors)

.rel.got
 *(.rel.got)

.rela.got
 *(.rela.got)

.rel.bss
 *(.rel.bss)

.rela.bss
 *(.rela.bss)

.rel.plt
 *(.rel.plt)

.rela.plt
 *(.rela.plt)

.text           0x00000000     0x13ee
 *(.vectors)
 .vectors       0x00000000       0x54 c:/program files (x86)/atmel/atmel toolchain/avr8 gcc/native/3.4.1051/avr8-gnu-toolchain/bin/../lib/gcc/avr/4.8.1/../../../../avr/lib/avr5/crtm32.o
                0x00000000                __vector_default
                0x00000000                __vectors
 *(.vectors)
 *(.progmem.gcc*)
                0x00000054                . = ALIGN (0x2)
                0x00000054                __trampolines_start = .
 *(.trampolines)
 .trampolines   0x00000054        0x0 linker stubs
 *(.trampolines*)
                0x00000054                __trampolines_end = .
 *(.progmem*)
                0x00000054                . = ALIGN (0x2)
 *(.jumptables)
 *(.jumptables*)
 *(.lowtext)
 *(.lowtext*)
                0x00000054                __ctors_start = .
 *(.ctors)
                0x00000054                __ctors_end = .
                0x00000054                __dtors_start = .
 *(.dtors)
                0x00000054                __dtors_end = .
 SORT(*)(.ctors)
 SORT(*)(.dtors)
 *(.init0)
 .init0         0x00000054        0x0 c:/program files (x86)/atmel/atmel toolchain/avr8 gcc/native/3.4.1051/avr8-gnu-toolchain/bin/../lib/gcc/avr/4.8.1/../../../../avr/lib/avr5/crtm32.o
                0x00000054                __init
 *(.init0)
 *(.init1)
 *(.init1)
 *(.init2)
 .init2         0x00000054        0xc c:/program files (x86)/atmel/atmel toolchain/avr8 gcc/native/3.4.1051/avr8-gnu-toolchain/bin/../lib/gcc/avr/4.8.1/../../../../avr/lib/avr5/crtm32.o
 *(.init2)
 *(.init3)
 *(.init3)
 *(.init4)
 .init4         0x00000060       0x16 c:/program files (x86)/atmel/atmel toolchain/avr8 gcc/native/3.4.1051/avr8-gnu-toolchain/bin/../lib/gcc/avr/4.8.1/avr5\libgcc.a(_copy_data.o)
                0x00000060                __do_copy_data
 *(.init4)
 *(.init5)
 *(.init5)
 *(.init6)
 *(.init6)
 *(.init7)
 *(.init7)
 *(.init8)
 *(.init8)
 *(.init9)
 .init9         0x00000076        0x6 c:/program files (x86)/atmel/atmel toolchain/avr8 gcc/native/3.4.1051/avr8-gnu-toolchain/bin/../lib/gcc/avr/4.8.1/../../../../avr/lib/avr5/crtm32.o
 *(.init9)
 *(.text)
 .text          0x0000007c        0x2 c:/program files (x86)/atmel/atmel toolchain/avr8 gcc/native/3.4.1051/avr8-gnu-toolchain/bin/../lib/gcc/avr/4.8.1/../../../../avr/lib/avr5/crtm32.o
                0x0000007c                __vector_1
                0x0000007c                __vector_12
                0x0000007c                __bad_interrupt
                0x0000007c                __vector_6
                0x0000007c                __vector_3
                0x0000007c                __vector_11
                0x0000007c                __vector_13
                0x0000007c                __vector_17
                0x0000007c                __vector_19
                0x0000007c                __vector_7
                0x0000007c                __vector_5
                0x0000007c                __vector_4
                0x0000007c                __vector_9
                0x0000007c                __vector_2
                0x0000007c                __vector_15
                0x0000007c                __vector_8
                0x0000007c                __vector_14
                0x0000007c                __vector_10
                0x0000007c                __vector_16
                0x0000007c                __vector_18
                0x0000007c                __vector_20
                0x0000007e                . = ALIGN (0x2)
 *(.text.*)
 .text.wait_avr
                0x0000007e       0x20 src/avr.o
                0x0000007e                wait_avr
 .text.board_init
                0x0000009e        0x2 src/ASF/mega/boards/stk600/rcx_x/init.o
                0x0000009e                board_init
 .text.output   0x000000a0       0x1e src/lcd.o
 .text.write    0x000000be       0x1e src/lcd.o
 .text.ini_lcd  0x000000dc       0x3e src/lcd.o
                0x000000dc                ini_lcd
 .text.clr_lcd  0x0000011a        0x8 src/lcd.o
                0x0000011a                clr_lcd
 .text.pos_lcd  0x00000122       0x24 src/lcd.o
                0x00000122                pos_lcd
 .text.put_str_lcd
                0x00000146       0x20 src/lcd.o
                0x00000146                put_str_lcd
 .text.check_press
                0x00000166       0xda src/main.o
                0x00000166                check_press
 .text.get_numberPres
                0x00000240       0xa0 src/main.o
                0x00000240                get_numberPres
 .text.readVolatage
                0x000002e0        0xe src/main.o
                0x000002e0                readVolatage
 .text.main     0x000002ee      0x6fa src/main.o
                0x000002ee                main
 .text.avr-libc.fplib
                0x000009e8        0xa c:/program files (x86)/atmel/atmel toolchain/avr8 gcc/native/3.4.1051/avr8-gnu-toolchain/bin/../lib/gcc/avr/4.8.1/../../../../avr/lib/avr5\libm.a(addsf3.o)
                0x000009e8                __subsf3
                0x000009ea                __addsf3
 .text.avr-libc.fplib
                0x000009f2       0xc0 c:/program files (x86)/atmel/atmel toolchain/avr8 gcc/native/3.4.1051/avr8-gnu-toolchain/bin/../lib/gcc/avr/4.8.1/../../../../avr/lib/avr5\libm.a(addsf3x.o)
                0x00000a0c                __addsf3x
 .text.avr-libc.fplib
                0x00000ab2        0x8 c:/program files (x86)/atmel/atmel toolchain/avr8 gcc/native/3.4.1051/avr8-gnu-toolchain/bin/../lib/gcc/avr/4.8.1/../../../../avr/lib/avr5\libm.a(cmpsf2.o)
                0x00000ab2                __nesf2
                0x00000ab2                __eqsf2
                0x00000ab2                __cmpsf2
                0x00000ab2                __ltsf2
                0x00000ab2                __lesf2
 .text.avr-libc.fplib
                0x00000aba        0x4 c:/program files (x86)/atmel/atmel toolchain/avr8 gcc/native/3.4.1051/avr8-gnu-toolchain/bin/../lib/gcc/avr/4.8.1/../../../../avr/lib/avr5\libm.a(divsf3.o)
                0x00000aba                __divsf3
 .text.avr-libc.fplib
                0x00000abe       0xcc c:/program files (x86)/atmel/atmel toolchain/avr8 gcc/native/3.4.1051/avr8-gnu-toolchain/bin/../lib/gcc/avr/4.8.1/../../../../avr/lib/avr5\libm.a(divsf3x.o)
                0x00000ad4                __divsf3x
                0x00000ad8                __divsf3_pse
 .text.avr-libc.fplib
                0x00000b8a        0xa c:/program files (x86)/atmel/atmel toolchain/avr8 gcc/native/3.4.1051/avr8-gnu-toolchain/bin/../lib/gcc/avr/4.8.1/../../../../avr/lib/avr5\libm.a(fixsfsi.o)
                0x00000b8a                __fixsfsi
 .text.avr-libc.fplib
                0x00000b94       0x58 c:/program files (x86)/atmel/atmel toolchain/avr8 gcc/native/3.4.1051/avr8-gnu-toolchain/bin/../lib/gcc/avr/4.8.1/../../../../avr/lib/avr5\libm.a(fixunssfsi.o)
                0x00000b94                __fixunssfsi
 .text.avr-libc.fplib
                0x00000bec       0x7a c:/program files (x86)/atmel/atmel toolchain/avr8 gcc/native/3.4.1051/avr8-gnu-toolchain/bin/../lib/gcc/avr/4.8.1/../../../../avr/lib/avr5\libm.a(floatsisf.o)
                0x00000bec                __floatunsisf
                0x00000bf0                __floatsisf
 .text.avr-libc.fplib
                0x00000c66       0x48 c:/program files (x86)/atmel/atmel toolchain/avr8 gcc/native/3.4.1051/avr8-gnu-toolchain/bin/../lib/gcc/avr/4.8.1/../../../../avr/lib/avr5\libm.a(fp_cmp.o)
                0x00000c66                __fp_cmp
 .text.avr-libc.fplib
                0x00000cae        0xc c:/program files (x86)/atmel/atmel toolchain/avr8 gcc/native/3.4.1051/avr8-gnu-toolchain/bin/../lib/gcc/avr/4.8.1/../../../../avr/lib/avr5\libm.a(fp_inf.o)
                0x00000cae                __fp_inf
 .text.avr-libc.fplib
                0x00000cba        0x6 c:/program files (x86)/atmel/atmel toolchain/avr8 gcc/native/3.4.1051/avr8-gnu-toolchain/bin/../lib/gcc/avr/4.8.1/../../../../avr/lib/avr5\libm.a(fp_nan.o)
                0x00000cba                __fp_nan
 .text.avr-libc.fplib
                0x00000cc0        0xe c:/program files (x86)/atmel/atmel toolchain/avr8 gcc/native/3.4.1051/avr8-gnu-toolchain/bin/../lib/gcc/avr/4.8.1/../../../../avr/lib/avr5\libm.a(fp_pscA.o)
                0x00000cc0                __fp_pscA
 .text.avr-libc.fplib
                0x00000cce        0xe c:/program files (x86)/atmel/atmel toolchain/avr8 gcc/native/3.4.1051/avr8-gnu-toolchain/bin/../lib/gcc/avr/4.8.1/../../../../avr/lib/avr5\libm.a(fp_pscB.o)
                0x00000cce                __fp_pscB
 .text.avr-libc.fplib
                0x00000cdc       0x22 c:/program files (x86)/atmel/atmel toolchain/avr8 gcc/native/3.4.1051/avr8-gnu-toolchain/bin/../lib/gcc/avr/4.8.1/../../../../avr/lib/avr5\libm.a(fp_round.o)
                0x00000cdc                __fp_round
 .text.avr-libc.fplib
                0x00000cfe       0x44 c:/program files (x86)/atmel/atmel toolchain/avr8 gcc/native/3.4.1051/avr8-gnu-toolchain/bin/../lib/gcc/avr/4.8.1/../../../../avr/lib/avr5\libm.a(fp_split3.o)
                0x00000cfe                __fp_split3
                0x00000d0e                __fp_splitA
 .text.avr-libc.fplib
                0x00000d42        0xe c:/program files (x86)/atmel/atmel toolchain/avr8 gcc/native/3.4.1051/avr8-gnu-toolchain/bin/../lib/gcc/avr/4.8.1/../../../../avr/lib/avr5\libm.a(fp_zero.o)
                0x00000d42                __fp_zero
                0x00000d44                __fp_szero
 .text.avr-libc.fplib
                0x00000d50        0x8 c:/program files (x86)/atmel/atmel toolchain/avr8 gcc/native/3.4.1051/avr8-gnu-toolchain/bin/../lib/gcc/avr/4.8.1/../../../../avr/lib/avr5\libm.a(gesf2.o)
                0x00000d50                __gesf2
                0x00000d50                __gtsf2
 .text.avr-libc.fplib
                0x00000d58        0x4 c:/program files (x86)/atmel/atmel toolchain/avr8 gcc/native/3.4.1051/avr8-gnu-toolchain/bin/../lib/gcc/avr/4.8.1/../../../../avr/lib/avr5\libm.a(mulsf3.o)
                0x00000d58                __mulsf3
 .text.avr-libc.fplib
                0x00000d5c       0xc2 c:/program files (x86)/atmel/atmel toolchain/avr8 gcc/native/3.4.1051/avr8-gnu-toolchain/bin/../lib/gcc/avr/4.8.1/../../../../avr/lib/avr5\libm.a(mulsf3x.o)
                0x00000d70                __mulsf3x
                0x00000d74                __mulsf3_pse
 .text.libgcc.div
                0x00000e1e       0x26 c:/program files (x86)/atmel/atmel toolchain/avr8 gcc/native/3.4.1051/avr8-gnu-toolchain/bin/../lib/gcc/avr/4.8.1/avr5\libgcc.a(_divmodhi4.o)
                0x00000e1e                _div
                0x00000e1e                __divmodhi4
 .text.libgcc.div
                0x00000e44       0x28 c:/program files (x86)/atmel/atmel toolchain/avr8 gcc/native/3.4.1051/avr8-gnu-toolchain/bin/../lib/gcc/avr/4.8.1/avr5\libgcc.a(_udivmodhi4.o)
                0x00000e44                __udivmodhi4
 .text.avr-libc
                0x00000e6c       0x3e c:/program files (x86)/atmel/atmel toolchain/avr8 gcc/native/3.4.1051/avr8-gnu-toolchain/bin/../lib/gcc/avr/4.8.1/../../../../avr/lib/avr5\libc.a(sprintf.o)
                0x00000e6c                sprintf
 .text.avr-libc
                0x00000eaa      0x386 c:/program files (x86)/atmel/atmel toolchain/avr8 gcc/native/3.4.1051/avr8-gnu-toolchain/bin/../lib/gcc/avr/4.8.1/../../../../avr/lib/avr5\libc.a(vfprintf_std.o)
                0x00000eaa                vfprintf
 .text.avr-libc
                0x00001230       0x16 c:/program files (x86)/atmel/atmel toolchain/avr8 gcc/native/3.4.1051/avr8-gnu-toolchain/bin/../lib/gcc/avr/4.8.1/../../../../avr/lib/avr5\libc.a(strnlen_P.o)
                0x00001230                strnlen_P
 .text.avr-libc
                0x00001246       0x16 c:/program files (x86)/atmel/atmel toolchain/avr8 gcc/native/3.4.1051/avr8-gnu-toolchain/bin/../lib/gcc/avr/4.8.1/../../../../avr/lib/avr5\libc.a(strnlen.o)
                0x00001246                strnlen
 .text.avr-libc
                0x0000125c       0x64 c:/program files (x86)/atmel/atmel toolchain/avr8 gcc/native/3.4.1051/avr8-gnu-toolchain/bin/../lib/gcc/avr/4.8.1/../../../../avr/lib/avr5\libc.a(fputc.o)
                0x0000125c                fputc
 .text.avr-libc
                0x000012c0       0xbc c:/program files (x86)/atmel/atmel toolchain/avr8 gcc/native/3.4.1051/avr8-gnu-toolchain/bin/../lib/gcc/avr/4.8.1/../../../../avr/lib/avr5\libc.a(ultoa_invert.o)
                0x000012c0                __ultoa_invert
 .text.libgcc.prologue
                0x0000137c       0x38 c:/program files (x86)/atmel/atmel toolchain/avr8 gcc/native/3.4.1051/avr8-gnu-toolchain/bin/../lib/gcc/avr/4.8.1/avr5\libgcc.a(_prologue.o)
                0x0000137c                __prologue_saves__
 .text.libgcc.prologue
                0x000013b4       0x36 c:/program files (x86)/atmel/atmel toolchain/avr8 gcc/native/3.4.1051/avr8-gnu-toolchain/bin/../lib/gcc/avr/4.8.1/avr5\libgcc.a(_epilogue.o)
                0x000013b4                __epilogue_restores__
                0x000013ea                . = ALIGN (0x2)
 *(.fini9)
 .fini9         0x000013ea        0x0 c:/program files (x86)/atmel/atmel toolchain/avr8 gcc/native/3.4.1051/avr8-gnu-toolchain/bin/../lib/gcc/avr/4.8.1/avr5\libgcc.a(_exit.o)
                0x000013ea                _exit
                0x000013ea                exit
 *(.fini9)
 *(.fini8)
 *(.fini8)
 *(.fini7)
 *(.fini7)
 *(.fini6)
 *(.fini6)
 *(.fini5)
 *(.fini5)
 *(.fini4)
 *(.fini4)
 *(.fini3)
 *(.fini3)
 *(.fini2)
 *(.fini2)
 *(.fini1)
 *(.fini1)
 *(.fini0)
 .fini0         0x000013ea        0x4 c:/program files (x86)/atmel/atmel toolchain/avr8 gcc/native/3.4.1051/avr8-gnu-toolchain/bin/../lib/gcc/avr/4.8.1/avr5\libgcc.a(_exit.o)
 *(.fini0)
                0x000013ee                _etext = .

.data           0x00800060       0x5c load address 0x000013ee
                0x00800060                PROVIDE (__data_start, .)
 *(.data)
 .data          0x00800060        0x0 c:/program files (x86)/atmel/atmel toolchain/avr8 gcc/native/3.4.1051/avr8-gnu-toolchain/bin/../lib/gcc/avr/4.8.1/../../../../avr/lib/avr5/crtm32.o
 .data          0x00800060        0x0 src/avr.o
 .data          0x00800060        0x0 src/ASF/mega/boards/stk600/rcx_x/init.o
 .data          0x00800060        0x0 src/lcd.o
 .data          0x00800060        0x0 src/main.o
 .data          0x00800060        0x0 c:/program files (x86)/atmel/atmel toolchain/avr8 gcc/native/3.4.1051/avr8-gnu-toolchain/bin/../lib/gcc/avr/4.8.1/../../../../avr/lib/avr5\libm.a(addsf3.o)
 .data          0x00800060        0x0 c:/program files (x86)/atmel/atmel toolchain/avr8 gcc/native/3.4.1051/avr8-gnu-toolchain/bin/../lib/gcc/avr/4.8.1/../../../../avr/lib/avr5\libm.a(addsf3x.o)
 .data          0x00800060        0x0 c:/program files (x86)/atmel/atmel toolchain/avr8 gcc/native/3.4.1051/avr8-gnu-toolchain/bin/../lib/gcc/avr/4.8.1/../../../../avr/lib/avr5\libm.a(cmpsf2.o)
 .data          0x00800060        0x0 c:/program files (x86)/atmel/atmel toolchain/avr8 gcc/native/3.4.1051/avr8-gnu-toolchain/bin/../lib/gcc/avr/4.8.1/../../../../avr/lib/avr5\libm.a(divsf3.o)
 .data          0x00800060        0x0 c:/program files (x86)/atmel/atmel toolchain/avr8 gcc/native/3.4.1051/avr8-gnu-toolchain/bin/../lib/gcc/avr/4.8.1/../../../../avr/lib/avr5\libm.a(divsf3x.o)
 .data          0x00800060        0x0 c:/program files (x86)/atmel/atmel toolchain/avr8 gcc/native/3.4.1051/avr8-gnu-toolchain/bin/../lib/gcc/avr/4.8.1/../../../../avr/lib/avr5\libm.a(fixsfsi.o)
 .data          0x00800060        0x0 c:/program files (x86)/atmel/atmel toolchain/avr8 gcc/native/3.4.1051/avr8-gnu-toolchain/bin/../lib/gcc/avr/4.8.1/../../../../avr/lib/avr5\libm.a(fixunssfsi.o)
 .data          0x00800060        0x0 c:/program files (x86)/atmel/atmel toolchain/avr8 gcc/native/3.4.1051/avr8-gnu-toolchain/bin/../lib/gcc/avr/4.8.1/../../../../avr/lib/avr5\libm.a(floatsisf.o)
 .data          0x00800060        0x0 c:/program files (x86)/atmel/atmel toolchain/avr8 gcc/native/3.4.1051/avr8-gnu-toolchain/bin/../lib/gcc/avr/4.8.1/../../../../avr/lib/avr5\libm.a(fp_cmp.o)
 .data          0x00800060        0x0 c:/program files (x86)/atmel/atmel toolchain/avr8 gcc/native/3.4.1051/avr8-gnu-toolchain/bin/../lib/gcc/avr/4.8.1/../../../../avr/lib/avr5\libm.a(fp_inf.o)
 .data          0x00800060        0x0 c:/program files (x86)/atmel/atmel toolchain/avr8 gcc/native/3.4.1051/avr8-gnu-toolchain/bin/../lib/gcc/avr/4.8.1/../../../../avr/lib/avr5\libm.a(fp_nan.o)
 .data          0x00800060        0x0 c:/program files (x86)/atmel/atmel toolchain/avr8 gcc/native/3.4.1051/avr8-gnu-toolchain/bin/../lib/gcc/avr/4.8.1/../../../../avr/lib/avr5\libm.a(fp_pscA.o)
 .data          0x00800060        0x0 c:/program files (x86)/atmel/atmel toolchain/avr8 gcc/native/3.4.1051/avr8-gnu-toolchain/bin/../lib/gcc/avr/4.8.1/../../../../avr/lib/avr5\libm.a(fp_pscB.o)
 .data          0x00800060        0x0 c:/program files (x86)/atmel/atmel toolchain/avr8 gcc/native/3.4.1051/avr8-gnu-toolchain/bin/../lib/gcc/avr/4.8.1/../../../../avr/lib/avr5\libm.a(fp_round.o)
 .data          0x00800060        0x0 c:/program files (x86)/atmel/atmel toolchain/avr8 gcc/native/3.4.1051/avr8-gnu-toolchain/bin/../lib/gcc/avr/4.8.1/../../../../avr/lib/avr5\libm.a(fp_split3.o)
 .data          0x00800060        0x0 c:/program files (x86)/atmel/atmel toolchain/avr8 gcc/native/3.4.1051/avr8-gnu-toolchain/bin/../lib/gcc/avr/4.8.1/../../../../avr/lib/avr5\libm.a(fp_zero.o)
 .data          0x00800060        0x0 c:/program files (x86)/atmel/atmel toolchain/avr8 gcc/native/3.4.1051/avr8-gnu-toolchain/bin/../lib/gcc/avr/4.8.1/../../../../avr/lib/avr5\libm.a(gesf2.o)
 .data          0x00800060        0x0 c:/program files (x86)/atmel/atmel toolchain/avr8 gcc/native/3.4.1051/avr8-gnu-toolchain/bin/../lib/gcc/avr/4.8.1/../../../../avr/lib/avr5\libm.a(mulsf3.o)
 .data          0x00800060        0x0 c:/program files (x86)/atmel/atmel toolchain/avr8 gcc/native/3.4.1051/avr8-gnu-toolchain/bin/../lib/gcc/avr/4.8.1/../../../../avr/lib/avr5\libm.a(mulsf3x.o)
 .data          0x00800060        0x0 c:/program files (x86)/atmel/atmel toolchain/avr8 gcc/native/3.4.1051/avr8-gnu-toolchain/bin/../lib/gcc/avr/4.8.1/avr5\libgcc.a(_divmodhi4.o)
 .data          0x00800060        0x0 c:/program files (x86)/atmel/atmel toolchain/avr8 gcc/native/3.4.1051/avr8-gnu-toolchain/bin/../lib/gcc/avr/4.8.1/avr5\libgcc.a(_exit.o)
 .data          0x00800060        0x0 c:/program files (x86)/atmel/atmel toolchain/avr8 gcc/native/3.4.1051/avr8-gnu-toolchain/bin/../lib/gcc/avr/4.8.1/avr5\libgcc.a(_copy_data.o)
 .data          0x00800060        0x0 c:/program files (x86)/atmel/atmel toolchain/avr8 gcc/native/3.4.1051/avr8-gnu-toolchain/bin/../lib/gcc/avr/4.8.1/avr5\libgcc.a(_udivmodhi4.o)
 .data          0x00800060        0x0 c:/program files (x86)/atmel/atmel toolchain/avr8 gcc/native/3.4.1051/avr8-gnu-toolchain/bin/../lib/gcc/avr/4.8.1/../../../../avr/lib/avr5\libc.a(sprintf.o)
 .data          0x00800060        0x0 c:/program files (x86)/atmel/atmel toolchain/avr8 gcc/native/3.4.1051/avr8-gnu-toolchain/bin/../lib/gcc/avr/4.8.1/../../../../avr/lib/avr5\libc.a(vfprintf_std.o)
 .data          0x00800060        0x0 c:/program files (x86)/atmel/atmel toolchain/avr8 gcc/native/3.4.1051/avr8-gnu-toolchain/bin/../lib/gcc/avr/4.8.1/../../../../avr/lib/avr5\libc.a(strnlen_P.o)
 .data          0x00800060        0x0 c:/program files (x86)/atmel/atmel toolchain/avr8 gcc/native/3.4.1051/avr8-gnu-toolchain/bin/../lib/gcc/avr/4.8.1/../../../../avr/lib/avr5\libc.a(strnlen.o)
 .data          0x00800060        0x0 c:/program files (x86)/atmel/atmel toolchain/avr8 gcc/native/3.4.1051/avr8-gnu-toolchain/bin/../lib/gcc/avr/4.8.1/../../../../avr/lib/avr5\libc.a(fputc.o)
 .data          0x00800060        0x0 c:/program files (x86)/atmel/atmel toolchain/avr8 gcc/native/3.4.1051/avr8-gnu-toolchain/bin/../lib/gcc/avr/4.8.1/../../../../avr/lib/avr5\libc.a(ultoa_invert.o)
 .data          0x00800060        0x0 c:/program files (x86)/atmel/atmel toolchain/avr8 gcc/native/3.4.1051/avr8-gnu-toolchain/bin/../lib/gcc/avr/4.8.1/avr5\libgcc.a(_prologue.o)
 .data          0x00800060        0x0 c:/program files (x86)/atmel/atmel toolchain/avr8 gcc/native/3.4.1051/avr8-gnu-toolchain/bin/../lib/gcc/avr/4.8.1/avr5\libgcc.a(_epilogue.o)
 *(.data*)
 *(.rodata)
 *(.rodata*)
 .rodata.str1.1
                0x00800060       0x5b src/main.o
 *(.gnu.linkonce.d*)
                0x008000bc                . = ALIGN (0x2)
 *fill*         0x008000bb        0x1 
                0x008000bc                _edata = .
                0x008000bc                PROVIDE (__data_end, .)

.bss            0x008000bc        0x0
                0x008000bc                PROVIDE (__bss_start, .)
 *(.bss)
 *(.bss*)
 *(COMMON)
                0x008000bc                PROVIDE (__bss_end, .)
                0x000013ee                __data_load_start = LOADADDR (.data)
                0x0000144a                __data_load_end = (__data_load_start + SIZEOF (.data))

.noinit         0x008000bc        0x0
                0x008000bc                PROVIDE (__noinit_start, .)
 *(.noinit*)
                0x008000bc                PROVIDE (__noinit_end, .)
                0x008000bc                _end = .
                0x008000bc                PROVIDE (__heap_start, .)

.eeprom         0x00810000        0x0
 *(.eeprom*)
                0x00810000                __eeprom_end = .

.fuse
 *(.fuse)
 *(.lfuse)
 *(.hfuse)
 *(.efuse)

.lock
 *(.lock*)

.signature
 *(.signature*)

.user_signatures
 *(.user_signatures*)

.stab
 *(.stab)

.stabstr
 *(.stabstr)

.stab.excl
 *(.stab.excl)

.stab.exclstr
 *(.stab.exclstr)

.stab.index
 *(.stab.index)

.stab.indexstr
 *(.stab.indexstr)

.comment        0x00000000       0x5c
 *(.comment)
 .comment       0x00000000       0x30 src/avr.o
                                 0x31 (size before relaxing)
 .comment       0x00000000       0x31 src/ASF/mega/boards/stk600/rcx_x/init.o
 .comment       0x00000000       0x31 src/lcd.o
 .comment       0x00000000       0x31 src/main.o
 .comment       0x00000000       0x31 c:/program files (x86)/atmel/atmel toolchain/avr8 gcc/native/3.4.1051/avr8-gnu-toolchain/bin/../lib/gcc/avr/4.8.1/../../../../avr/lib/avr5\libc.a(sprintf.o)
 .comment       0x00000030       0x2c c:/program files (x86)/atmel/atmel toolchain/avr8 gcc/native/3.4.1051/avr8-gnu-toolchain/bin/../lib/gcc/avr/4.8.1/../../../../avr/lib/avr5\libc.a(vfprintf_std.o)
                                 0x2d (size before relaxing)
 .comment       0x00000000       0x31 c:/program files (x86)/atmel/atmel toolchain/avr8 gcc/native/3.4.1051/avr8-gnu-toolchain/bin/../lib/gcc/avr/4.8.1/../../../../avr/lib/avr5\libc.a(fputc.o)

.note.gnu.build-id
 *(.note.gnu.build-id)

.debug
 *(.debug)

.line
 *(.line)

.debug_srcinfo
 *(.debug_srcinfo)

.debug_sfnames
 *(.debug_sfnames)

.debug_aranges  0x00000000       0xe8
 *(.debug_aranges)
 .debug_aranges
                0x00000000       0x28 src/avr.o
 .debug_aranges
                0x00000028       0x20 src/ASF/mega/boards/stk600/rcx_x/init.o
 .debug_aranges
                0x00000048       0x58 src/lcd.o
 .debug_aranges
                0x000000a0       0x48 src/main.o

.debug_pubnames
 *(.debug_pubnames)

.debug_info     0x00000000      0xc3f
 *(.debug_info .gnu.linkonce.wi.*)
 .debug_info    0x00000000       0xb8 src/avr.o
 .debug_info    0x000000b8       0x7c src/ASF/mega/boards/stk600/rcx_x/init.o
 .debug_info    0x00000134      0x47a src/lcd.o
 .debug_info    0x000005ae      0x691 src/main.o

.debug_abbrev   0x00000000      0x4b8
 *(.debug_abbrev)
 .debug_abbrev  0x00000000       0x7d src/avr.o
 .debug_abbrev  0x0000007d       0x47 src/ASF/mega/boards/stk600/rcx_x/init.o
 .debug_abbrev  0x000000c4      0x1bb src/lcd.o
 .debug_abbrev  0x0000027f      0x239 src/main.o

.debug_line     0x00000000     0x103c
 *(.debug_line .debug_line.* .debug_line_end)
 .debug_line    0x00000000      0x281 src/avr.o
 .debug_line    0x00000281      0x338 src/ASF/mega/boards/stk600/rcx_x/init.o
 .debug_line    0x000005b9      0x420 src/lcd.o
 .debug_line    0x000009d9      0x663 src/main.o

.debug_frame    0x00000000      0x1e4
 *(.debug_frame)
 .debug_frame   0x00000000       0x34 src/avr.o
 .debug_frame   0x00000034       0x24 src/ASF/mega/boards/stk600/rcx_x/init.o
 .debug_frame   0x00000058       0xb4 src/lcd.o
 .debug_frame   0x0000010c       0xd8 src/main.o

.debug_str      0x00000000     0xcdcb
 *(.debug_str)
 .debug_str     0x00000000     0x7015 src/avr.o
                               0x70d7 (size before relaxing)
 .debug_str     0x00007015     0x5466 src/ASF/mega/boards/stk600/rcx_x/init.o
                               0xc4e7 (size before relaxing)
 .debug_str     0x0000c47b       0xcf src/lcd.o
                               0x7191 (size before relaxing)
 .debug_str     0x0000c54a      0x881 src/main.o
                               0xcec0 (size before relaxing)

.debug_loc      0x00000000      0xace
 *(.debug_loc)
 .debug_loc     0x00000000       0x28 src/avr.o
 .debug_loc     0x00000028      0x2d5 src/lcd.o
 .debug_loc     0x000002fd      0x7d1 src/main.o

.debug_macinfo
 *(.debug_macinfo)

.debug_weaknames
 *(.debug_weaknames)

.debug_funcnames
 *(.debug_funcnames)

.debug_typenames
 *(.debug_typenames)

.debug_varnames
 *(.debug_varnames)

.debug_pubtypes
 *(.debug_pubtypes)

.debug_ranges   0x00000000      0x158
 *(.debug_ranges)
 .debug_ranges  0x00000000       0x18 src/avr.o
 .debug_ranges  0x00000018       0x10 src/ASF/mega/boards/stk600/rcx_x/init.o
 .debug_ranges  0x00000028       0x60 src/lcd.o
 .debug_ranges  0x00000088       0xd0 src/main.o

.debug_macro    0x00000000     0x3164
 *(.debug_macro)
 .debug_macro   0x00000000       0xbc src/avr.o
 .debug_macro   0x000000bc      0xa2a src/avr.o
 .debug_macro   0x00000ae6       0x10 src/avr.o
 .debug_macro   0x00000af6      0x1ad src/avr.o
 .debug_macro   0x00000ca3      0x293 src/avr.o
 .debug_macro   0x00000f36       0x9e src/avr.o
 .debug_macro   0x00000fd4      0xbfa src/avr.o
 .debug_macro   0x00001bce      0x170 src/avr.o
 .debug_macro   0x00001d3e       0xbd src/avr.o
 .debug_macro   0x00001dfb       0x34 src/avr.o
 .debug_macro   0x00001e2f       0x18 src/avr.o
 .debug_macro   0x00001e47       0x6c src/avr.o
 .debug_macro   0x00001eb3       0x63 src/avr.o
 .debug_macro   0x00001f16       0x10 src/avr.o
 .debug_macro   0x00001f26       0x89 src/avr.o
 .debug_macro   0x00001faf       0xee src/avr.o
 .debug_macro   0x0000209d       0x3a src/avr.o
 .debug_macro   0x000020d7      0x134 src/ASF/mega/boards/stk600/rcx_x/init.o
 .debug_macro   0x0000220b       0x22 src/ASF/mega/boards/stk600/rcx_x/init.o
 .debug_macro   0x0000222d      0x166 src/ASF/mega/boards/stk600/rcx_x/init.o
 .debug_macro   0x00002393       0x1c src/ASF/mega/boards/stk600/rcx_x/init.o
 .debug_macro   0x000023af       0x35 src/ASF/mega/boards/stk600/rcx_x/init.o
 .debug_macro   0x000023e4       0x66 src/ASF/mega/boards/stk600/rcx_x/init.o
 .debug_macro   0x0000244a      0x3b9 src/ASF/mega/boards/stk600/rcx_x/init.o
 .debug_macro   0x00002803       0x44 src/ASF/mega/boards/stk600/rcx_x/init.o
 .debug_macro   0x00002847       0x69 src/ASF/mega/boards/stk600/rcx_x/init.o
 .debug_macro   0x000028b0       0x2c src/ASF/mega/boards/stk600/rcx_x/init.o
 .debug_macro   0x000028dc       0xe2 src/ASF/mega/boards/stk600/rcx_x/init.o
 .debug_macro   0x000029be       0x40 src/ASF/mega/boards/stk600/rcx_x/init.o
 .debug_macro   0x000029fe      0x100 src/ASF/mega/boards/stk600/rcx_x/init.o
 .debug_macro   0x00002afe      0x207 src/ASF/mega/boards/stk600/rcx_x/init.o
 .debug_macro   0x00002d05       0xe4 src/lcd.o
 .debug_macro   0x00002de9      0x180 src/main.o
 .debug_macro   0x00002f69       0x40 src/main.o
 .debug_macro   0x00002fa9       0x58 src/main.o
 .debug_macro   0x00003001       0x10 src/main.o
 .debug_macro   0x00003011       0xeb src/main.o
 .debug_macro   0x000030fc       0x68 src/main.o
OUTPUT(Lab4.elf elf32-avr)
LOAD linker stubs
